// Jest Snapshot v1, https://goo.gl/fbAQLP

exports[`navBar component passess all props to navBar component 1`] = `
<div>
  <div>
    <div>
      <img
        src="earth.png"
      />
      <h1
        className="logoName"
      >
        mapCreator
      </h1>
    </div>
    <label
      htmlFor="toggle"
    >
      â˜°
    </label>
    <input
      id="toggle"
      onChange={[Function]}
      type="checkbox"
    />
  </div>
  <div
    isChecked={false}
  >
    <div>
      <img
        src="user.png"
      />
      <span>
        UserNick
      </span>
    </div>
    <button
      onClick={[Function]}
    >
      Sign out
    </button>
    <ul>
      <li
        key="0"
      >
        <a
          activeClassName="nav-item-active"
          exact={true}
          onClick={[Function]}
          to="/"
        >
          <img
            src="map.png"
          />
           
          Map
        </a>
      </li>
      <li
        key="1"
      >
        <a
          activeClassName="nav-item-active"
          onClick={[Function]}
          to="/createMarker"
        >
          <img
            src="gps.png"
          />
           
          Create Marker
        </a>
      </li>
      <li
        key="2"
      >
        <a
          activeClassName="nav-item-active"
          onClick={[Function]}
          to="/statistic"
        >
          <img
            src="graph.png"
          />
           
          Statistic
        </a>
      </li>
      <li
        key="3"
      >
        <a
          activeClassName="nav-item-active"
          onClick={[Function]}
          to="/list"
        >
          <img
            src="list.png"
          />
           
          List
        </a>
      </li>
      <li
        key="4"
      >
        <a
          activeClassName="nav-item-active"
          onClick={[Function]}
          to="/users"
        >
          <img
            src="users.png"
          />
           
          Users
        </a>
      </li>
    </ul>
  </div>
</div>
`;
